0 verbose cli /usr/local/bin/node /usr/local/bin/npm
1 info using npm@11.6.2
2 info using node@v24.13.0
3 silly config load:file:/usr/local/lib/node_modules/npm/npmrc
4 silly config load:file:/Users/daribay1337icloud.com/legendary-dollop/ai_orchestrator/whatsapp/.npmrc
5 silly config load:file:/Users/daribay1337icloud.com/.npmrc
6 silly config load:file:/usr/local/etc/npmrc
7 verbose title npm install
8 verbose argv "install" "--cache" ".npm-cache"
9 verbose logfile logs-max:10 dir:/Users/daribay1337icloud.com/legendary-dollop/ai_orchestrator/whatsapp/.npm-cache/_logs/2026-04-17T23_47_14_351Z-
10 verbose logfile /Users/daribay1337icloud.com/legendary-dollop/ai_orchestrator/whatsapp/.npm-cache/_logs/2026-04-17T23_47_14_351Z-debug-0.log
11 silly logfile done cleaning log files
12 silly packumentCache heap:4496293888 maxSize:1124073472 maxEntrySize:562036736
13 silly idealTree buildDeps
14 silly reify moves {}
15 silly audit bulk request {
15 silly audit   '@babel/code-frame': [ '7.29.0' ],
15 silly audit   '@babel/helper-validator-identifier': [ '7.28.5' ],
15 silly audit   '@pedroslopez/moduleraid': [ '5.0.2' ],
15 silly audit   '@puppeteer/browsers': [ '2.13.0' ],
15 silly audit   '@tootallnate/quickjs-emscripten': [ '0.23.0' ],
15 silly audit   '@types/node': [ '25.6.0' ],
15 silly audit   '@types/yauzl': [ '2.10.3' ],
15 silly audit   'agent-base': [ '7.1.4' ],
15 silly audit   'ansi-regex': [ '5.0.1' ],
15 silly audit   'ansi-styles': [ '4.3.0' ],
15 silly audit   archiver: [ '5.3.2' ],
15 silly audit   'archiver-utils': [ '2.1.0', '3.0.4' ],
15 silly audit   'readable-stream': [ '2.3.8', '3.6.2' ],
15 silly audit   'safe-buffer': [ '5.1.2', '5.2.1' ],
15 silly audit   string_decoder: [ '1.1.1', '1.3.0' ],
15 silly audit   argparse: [ '2.0.1' ],
15 silly audit   'ast-types': [ '0.13.4' ],
15 silly audit   async: [ '3.2.6', '0.2.10' ],
15 silly audit   asynckit: [ '0.4.0' ],
15 silly audit   axios: [ '1.15.0' ],
15 silly audit   b4a: [ '1.8.0' ],
15 silly audit   'balanced-match': [ '1.0.2' ],
15 silly audit   'bare-events': [ '2.8.2' ],
15 silly audit   'bare-fs': [ '4.7.1' ],
15 silly audit   'bare-os': [ '3.8.7' ],
15 silly audit   'bare-path': [ '3.0.0' ],
15 silly audit   'bare-stream': [ '2.13.0' ],
15 silly audit   'bare-url': [ '2.4.0' ],
15 silly audit   'base64-js': [ '1.5.1' ],
15 silly audit   'basic-ftp': [ '5.3.0' ],
15 silly audit   'big-integer': [ '1.6.52' ],
15 silly audit   binary: [ '0.3.0' ],
15 silly audit   bl: [ '4.1.0' ],
15 silly audit   bluebird: [ '3.4.7' ],
15 silly audit   'brace-expansion': [ '1.1.14', '2.1.0' ],
15 silly audit   buffer: [ '5.7.1' ],
15 silly audit   'buffer-crc32': [ '0.2.13' ],
15 silly audit   'buffer-indexof-polyfill': [ '1.0.2' ],
15 silly audit   buffers: [ '0.1.1' ],
15 silly audit   'call-bind-apply-helpers': [ '1.0.2' ],
15 silly audit   callsites: [ '3.1.0' ],
15 silly audit   chainsaw: [ '0.1.0' ],
15 silly audit   'chromium-bidi': [ '14.0.0' ],
15 silly audit   cliui: [ '8.0.1' ],
15 silly audit   'color-convert': [ '2.0.1' ],
15 silly audit   'color-name': [ '1.1.4' ],
15 silly audit   'combined-stream': [ '1.0.8' ],
15 silly audit   'compress-commons': [ '4.1.2' ],
15 silly audit   'concat-map': [ '0.0.1' ],
15 silly audit   'core-util-is': [ '1.0.3' ],
15 silly audit   cosmiconfig: [ '9.0.1' ],
15 silly audit   'crc-32': [ '1.2.2' ],
15 silly audit   'crc32-stream': [ '4.0.3' ],
15 silly audit   'data-uri-to-buffer': [ '6.0.2' ],
15 silly audit   debug: [ '4.4.3' ],
15 silly audit   degenerator: [ '5.0.1' ],
15 silly audit   'delayed-stream': [ '1.0.0' ],
15 silly audit   'devtools-protocol': [ '0.0.1595872' ],
15 silly audit   'dunder-proto': [ '1.0.1' ],
15 silly audit   duplexer2: [ '0.1.4' ],
15 silly audit   'emoji-regex': [ '8.0.0' ],
15 silly audit   'end-of-stream': [ '1.4.5' ],
15 silly audit   'env-paths': [ '2.2.1' ],
15 silly audit   'error-ex': [ '1.3.4' ],
15 silly audit   'es-define-property': [ '1.0.1' ],
15 silly audit   'es-errors': [ '1.3.0' ],
15 silly audit   'es-object-atoms': [ '1.1.1' ],
15 silly audit   'es-set-tostringtag': [ '2.1.0' ],
15 silly audit   escalade: [ '3.2.0' ],
15 silly audit   escodegen: [ '2.1.0' ],
15 silly audit   esprima: [ '4.0.1' ],
15 silly audit   estraverse: [ '5.3.0' ],
15 silly audit   esutils: [ '2.0.3' ],
15 silly audit   'events-universal': [ '1.0.1' ],
15 silly audit   'extract-zip': [ '2.0.1' ],
15 silly audit   'fast-fifo': [ '1.3.2' ],
15 silly audit   'fd-slicer': [ '1.1.0' ],
15 silly audit   'fluent-ffmpeg': [ '2.1.3' ],
15 silly audit   'follow-redirects': [ '1.16.0' ],
15 silly audit   'form-data': [ '4.0.5' ],
15 silly audit   'fs-constants': [ '1.0.0' ],
15 silly audit   'fs-extra': [ '10.1.0' ],
15 silly audit   'fs.realpath': [ '1.0.0' ],
15 silly audit   fstream: [ '1.0.12' ],
15 silly audit   'function-bind': [ '1.1.2' ],
15 silly audit   'get-caller-file': [ '2.0.5' ],
15 silly audit   'get-intrinsic': [ '1.3.0' ],
15 silly audit   'get-proto': [ '1.0.1' ],
15 silly audit   'get-stream': [ '5.2.0' ],
15 silly audit   'get-uri': [ '6.0.5' ],
15 silly audit   glob: [ '7.2.3' ],
15 silly audit   gopd: [ '1.2.0' ],
15 silly audit   'graceful-fs': [ '4.2.11' ],
15 silly audit   'has-symbols': [ '1.1.0' ],
15 silly audit   'has-tostringtag': [ '1.0.2' ],
15 silly audit   hasown: [ '2.0.3' ],
15 silly audit   'http-proxy-agent': [ '7.0.2' ],
15 silly audit   'https-proxy-agent': [ '7.0.6' ],
15 silly audit   ieee754: [ '1.2.1' ],
15 silly audit   'import-fresh': [ '3.3.1' ],
15 silly audit   inflight: [ '1.0.6' ],
15 silly audit   inherits: [ '2.0.4' ],
15 silly audit   'ip-address': [ '10.1.0' ],
15 silly audit   'is-arrayish': [ '0.2.1' ],
15 silly audit   'is-fullwidth-code-point': [ '3.0.0' ],
15 silly audit   isarray: [ '1.0.0' ],
15 silly audit   isexe: [ '2.0.0' ],
15 silly audit   'js-tokens': [ '4.0.0' ],
15 silly audit   'js-yaml': [ '4.1.1' ],
15 silly audit   'json-parse-even-better-errors': [ '2.3.1' ],
15 silly audit   jsonfile: [ '6.2.0' ],
15 silly audit   lazystream: [ '1.0.1' ],
15 silly audit   'lines-and-columns': [ '1.2.4' ],
15 silly audit   listenercount: [ '1.0.1' ],
15 silly audit   'lodash.defaults': [ '4.2.0' ],
15 silly audit   'lodash.difference': [ '4.5.0' ],
15 silly audit   'lodash.flatten': [ '4.4.0' ],
15 silly audit   'lodash.isplainobject': [ '4.0.6' ],
15 silly audit   'lodash.union': [ '4.6.0' ],
15 silly audit   'lru-cache': [ '7.18.3' ],
15 silly audit   'math-intrinsics': [ '1.1.0' ],
15 silly audit   mime: [ '3.0.0' ],
15 silly audit   'mime-db': [ '1.52.0' ],
15 silly audit   'mime-types': [ '2.1.35' ],
15 silly audit   minimatch: [ '3.1.5', '5.1.9' ],
15 silly audit   minimist: [ '1.2.8' ],
15 silly audit   mitt: [ '3.0.1' ],
15 silly audit   mkdirp: [ '0.5.6' ],
15 silly audit   ms: [ '2.1.3' ],
15 silly audit   netmask: [ '2.1.1' ],
15 silly audit   'node-fetch': [ '2.7.0' ],
15 silly audit   'node-webpmux': [ '3.1.7' ],
15 silly audit   'normalize-path': [ '3.0.0' ],
15 silly audit   once: [ '1.4.0' ],
15 silly audit   'pac-proxy-agent': [ '7.2.0' ],
15 silly audit   'pac-resolver': [ '7.0.1' ],
15 silly audit   'parent-module': [ '1.0.1' ],
15 silly audit   'parse-json': [ '5.2.0' ],
15 silly audit   'path-is-absolute': [ '1.0.1' ],
15 silly audit   pend: [ '1.2.0' ],
15 silly audit   picocolors: [ '1.1.1' ],
15 silly audit   'process-nextick-args': [ '2.0.1' ],
15 silly audit   progress: [ '2.0.3' ],
15 silly audit   'proxy-agent': [ '6.5.0' ],
15 silly audit   'proxy-from-env': [ '1.1.0', '2.1.0' ],
15 silly audit   pump: [ '3.0.4' ],
15 silly audit   puppeteer: [ '24.41.0' ],
15 silly audit   'puppeteer-core': [ '24.41.0' ],
15 silly audit   'qrcode-terminal': [ '0.12.0' ],
15 silly audit   'readdir-glob': [ '1.1.3' ],
15 silly audit   'require-directory': [ '2.1.1' ],
15 silly audit   'resolve-from': [ '4.0.0' ],
15 silly audit   rimraf: [ '2.7.1' ],
15 silly audit   semver: [ '7.7.4' ],
15 silly audit   setimmediate: [ '1.0.5' ],
15 silly audit   'smart-buffer': [ '4.2.0' ],
15 silly audit   socks: [ '2.8.7' ],
15 silly audit   'socks-proxy-agent': [ '8.0.5' ],
15 silly audit   'source-map': [ '0.6.1' ],
15 silly audit   streamx: [ '2.25.0' ],
15 silly audit   'string-width': [ '4.2.3' ],
15 silly audit   'strip-ansi': [ '6.0.1' ],
15 silly audit   'tar-fs': [ '3.1.2' ],
15 silly audit   'tar-stream': [ '3.1.8', '2.2.0' ],
15 silly audit   teex: [ '1.0.1' ],
15 silly audit   'text-decoder': [ '1.2.7' ],
15 silly audit   tr46: [ '0.0.3' ],
15 silly audit   traverse: [ '0.3.9' ],
15 silly audit   tslib: [ '2.8.1' ],
15 silly audit   'typed-query-selector': [ '2.12.1' ],
15 silly audit   'undici-types': [ '7.19.2' ],
15 silly audit   universalify: [ '2.0.1' ],
15 silly audit   unzipper: [ '0.10.14' ],
15 silly audit   'util-deprecate': [ '1.0.2' ],
15 silly audit   'webdriver-bidi-protocol': [ '0.4.1' ],
15 silly audit   'webidl-conversions': [ '3.0.1' ],
15 silly audit   'whatsapp-web.js': [ '1.34.6' ],
15 silly audit   'whatwg-url': [ '5.0.0' ],
15 silly audit   which: [ '1.3.1' ],
15 silly audit   'wrap-ansi': [ '7.0.0' ],
15 silly audit   wrappy: [ '1.0.2' ],
15 silly audit   ws: [ '8.20.0' ],
15 silly audit   y18n: [ '5.0.8' ],
15 silly audit   yargs: [ '17.7.2' ],
15 silly audit   'yargs-parser': [ '21.1.1' ],
15 silly audit   yauzl: [ '2.10.0' ],
15 silly audit   'zip-stream': [ '4.1.1' ],
15 silly audit   zod: [ '3.25.76' ]
15 silly audit }
16 http fetch POST 200 https://registry.npmjs.org/-/npm/v1/security/advisories/bulk 499ms
17 silly audit report {}
18 verbose cwd /Users/daribay1337icloud.com/legendary-dollop/ai_orchestrator/whatsapp
19 verbose os Darwin 25.3.0
20 verbose node v24.13.0
21 verbose npm  v11.6.2
22 verbose exit 0
23 info ok
